------------------------------------------------------------
Timing Analyzer Summary
------------------------------------------------------------

Type  : Slow 1200mV 85C Model Setup 'ramDisp:RAMeDISP|clk_div'
Slack : -55.106
TNS   : -9141.190

Type  : Slow 1200mV 85C Model Setup 'CLK_H_HW'
Slack : -3.798
TNS   : -100.684

Type  : Slow 1200mV 85C Model Hold 'ramDisp:RAMeDISP|clk_div'
Slack : 0.339
TNS   : 0.000

Type  : Slow 1200mV 85C Model Hold 'CLK_H_HW'
Slack : 0.444
TNS   : 0.000

Type  : Slow 1200mV 85C Model Minimum Pulse Width 'CLK_H_HW'
Slack : -3.000
TNS   : -42.284

Type  : Slow 1200mV 85C Model Minimum Pulse Width 'ramDisp:RAMeDISP|clk_div'
Slack : -1.403
TNS   : -416.691

Type  : Slow 1200mV 0C Model Setup 'ramDisp:RAMeDISP|clk_div'
Slack : -50.125
TNS   : -8361.772

Type  : Slow 1200mV 0C Model Setup 'CLK_H_HW'
Slack : -3.391
TNS   : -90.435

Type  : Slow 1200mV 0C Model Hold 'ramDisp:RAMeDISP|clk_div'
Slack : 0.306
TNS   : 0.000

Type  : Slow 1200mV 0C Model Hold 'CLK_H_HW'
Slack : 0.408
TNS   : 0.000

Type  : Slow 1200mV 0C Model Minimum Pulse Width 'CLK_H_HW'
Slack : -3.000
TNS   : -42.284

Type  : Slow 1200mV 0C Model Minimum Pulse Width 'ramDisp:RAMeDISP|clk_div'
Slack : -1.403
TNS   : -416.691

Type  : Fast 1200mV 0C Model Setup 'ramDisp:RAMeDISP|clk_div'
Slack : -21.873
TNS   : -3668.751

Type  : Fast 1200mV 0C Model Setup 'CLK_H_HW'
Slack : -1.003
TNS   : -25.761

Type  : Fast 1200mV 0C Model Hold 'ramDisp:RAMeDISP|clk_div'
Slack : 0.145
TNS   : 0.000

Type  : Fast 1200mV 0C Model Hold 'CLK_H_HW'
Slack : 0.178
TNS   : 0.000

Type  : Fast 1200mV 0C Model Minimum Pulse Width 'CLK_H_HW'
Slack : -3.000
TNS   : -31.967

Type  : Fast 1200mV 0C Model Minimum Pulse Width 'ramDisp:RAMeDISP|clk_div'
Slack : -1.000
TNS   : -297.000

------------------------------------------------------------
