------------------------------------------------------------
Timing Analyzer Summary
------------------------------------------------------------

Type  : Slow 1200mV 85C Model Setup 'ramDisp:RAMeDISP|clk_div'
Slack : -13.999
TNS   : -78.557

Type  : Slow 1200mV 85C Model Setup 'CLK_H_HW'
Slack : -3.550
TNS   : -81.597

Type  : Slow 1200mV 85C Model Hold 'CLK_H_HW'
Slack : 0.647
TNS   : 0.000

Type  : Slow 1200mV 85C Model Hold 'ramDisp:RAMeDISP|clk_div'
Slack : 1.343
TNS   : 0.000

Type  : Slow 1200mV 85C Model Minimum Pulse Width 'CLK_H_HW'
Slack : -3.000
TNS   : -40.881

Type  : Slow 1200mV 85C Model Minimum Pulse Width 'ramDisp:RAMeDISP|clk_div'
Slack : -1.403
TNS   : -22.448

Type  : Slow 1200mV 0C Model Setup 'ramDisp:RAMeDISP|clk_div'
Slack : -12.619
TNS   : -70.273

Type  : Slow 1200mV 0C Model Setup 'CLK_H_HW'
Slack : -3.191
TNS   : -72.724

Type  : Slow 1200mV 0C Model Hold 'CLK_H_HW'
Slack : 0.598
TNS   : 0.000

Type  : Slow 1200mV 0C Model Hold 'ramDisp:RAMeDISP|clk_div'
Slack : 1.246
TNS   : 0.000

Type  : Slow 1200mV 0C Model Minimum Pulse Width 'CLK_H_HW'
Slack : -3.000
TNS   : -40.881

Type  : Slow 1200mV 0C Model Minimum Pulse Width 'ramDisp:RAMeDISP|clk_div'
Slack : -1.403
TNS   : -22.448

Type  : Fast 1200mV 0C Model Setup 'ramDisp:RAMeDISP|clk_div'
Slack : -4.967
TNS   : -23.294

Type  : Fast 1200mV 0C Model Setup 'CLK_H_HW'
Slack : -0.944
TNS   : -18.227

Type  : Fast 1200mV 0C Model Hold 'CLK_H_HW'
Slack : 0.251
TNS   : 0.000

Type  : Fast 1200mV 0C Model Hold 'ramDisp:RAMeDISP|clk_div'
Slack : 0.523
TNS   : 0.000

Type  : Fast 1200mV 0C Model Minimum Pulse Width 'CLK_H_HW'
Slack : -3.000
TNS   : -30.891

Type  : Fast 1200mV 0C Model Minimum Pulse Width 'ramDisp:RAMeDISP|clk_div'
Slack : -1.000
TNS   : -16.000

------------------------------------------------------------
